{
  "timestamp": 1523364075,
  "duration": 600,
  "graphType": "service",
  "elements": {
    "nodes": [
      {
        "data": {
          "id": "715046fe06feb0ca6986fde2c2d18e22",
          "nodeType": "service",
          "namespace": "bankapp",
          "service": "pricing",
          "destServices": [
            {
              "namespace": "bankapp",
              "name": "pricing"
            }
          ],
          "traffic": [
            {
              "protocol": "http",
              "rates": {
                "httpIn": "20.00",
                "httpOut": "20.00"
              }
            }
          ],
          "isInaccessible": true,
          "isOutside": true
        }
      },
      {
        "data": {
          "id": "35533a08d948509abf8ae4d5d5647594",
          "nodeType": "service",
          "namespace": "bookinfo",
          "service": "details",
          "destServices": [
            {
              "namespace": "bookinfo",
              "name": "details"
            }
          ],
          "traffic": [
            {
              "protocol": "http",
              "rates": {
                "httpIn": "80.00",
                "httpIn3xx": "20.00",
                "httpIn4xx": "20.00",
                "httpIn5xx": "20.00",
                "httpOut": "80.00"
              }
            }
          ]
        }
      },
      {
        "data": {
          "id": "42c017b34656a709d614f53967b05cc8",
          "nodeType": "service",
          "namespace": "bookinfo",
          "service": "productpage",
          "destServices": [
            {
              "namespace": "bookinfo",
              "name": "productpage"
            }
          ],
          "traffic": [
            {
              "protocol": "http",
              "rates": {
                "httpIn": "170.00",
                "httpOut": "170.00"
              }
            }
          ]
        }
      },
      {
        "data": {
          "id": "e96a4db610f877425f52a4b563e24c4c",
          "nodeType": "service",
          "namespace": "bookinfo",
          "service": "ratings",
          "destServices": [
            {
              "namespace": "bookinfo",
              "name": "ratings"
            }
          ],
          "traffic": [
            {
              "protocol": "http",
              "rates": {
                "httpIn": "60.00",
                "httpIn5xx": "20.00",
                "httpOut": "60.00"
              }
            }
          ]
        }
      },
      {
        "data": {
          "id": "e8a4c5a8a5a937ec63d1da940d4b68a1",
          "nodeType": "service",
          "namespace": "bookinfo",
          "service": "reviews",
          "destServices": [
            {
              "namespace": "bookinfo",
              "name": "reviews"
            }
          ],
          "traffic": [
            {
              "protocol": "http",
              "rates": {
                "httpIn": "100.00",
                "httpOut": "100.00"
              }
            }
          ]
        }
      },
      {
        "data": {
          "id": "8a4a4ea447daf00b8a30169659086b5f",
          "nodeType": "service",
          "namespace": "bookinfo",
          "service": "tcp",
          "destServices": [
            {
              "namespace": "bookinfo",
              "name": "tcp"
            }
          ],
          "traffic": [
            {
              "protocol": "tcp",
              "rates": {
                "tcpIn": "581.00",
                "tcpOut": "581.00"
              }
            }
          ]
        }
      },
      {
        "data": {
          "id": "c72e12859eac1424516065e6a64c92e0",
          "nodeType": "workload",
          "namespace": "istio-system",
          "workload": "ingressgateway-unknown",
          "app": "ingressgateway",
          "version": "unknown",
          "traffic": [
            {
              "protocol": "http",
              "rates": {
                "httpOut": "100.00"
              }
            },
            {
              "protocol": "tcp",
              "rates": {
                "tcpOut": "150.00"
              }
            }
          ],
          "isInaccessible": true,
          "isMisconfigured": "labels=[version]",
          "isOutside": true,
          "isRoot": true
        }
      },
      {
        "data": {
          "id": "4a639f9922515051205421a93f94e0b8",
          "nodeType": "service",
          "namespace": "unknown",
          "service": "unknown",
          "traffic": [
            {
              "protocol": "http",
              "rates": {
                "httpIn": "4.00",
                "httpIn4xx": "4.00"
              }
            }
          ],
          "isInaccessible": true
        }
      },
      {
        "data": {
          "id": "b30b0078325bf2e1adb4d57c4c0c2665",
          "nodeType": "unknown",
          "namespace": "unknown",
          "workload": "unknown",
          "app": "unknown",
          "version": "unknown",
          "traffic": [
            {
              "protocol": "http",
              "rates": {
                "httpOut": "100.00"
              }
            },
            {
              "protocol": "tcp",
              "rates": {
                "tcpOut": "400.00"
              }
            }
          ],
          "isInaccessible": true,
          "isRoot": true
        }
      }
    ],
    "edges": [
      {
        "data": {
          "id": "619130e72e856618da923e25348f370f",
          "source": "42c017b34656a709d614f53967b05cc8",
          "target": "35533a08d948509abf8ae4d5d5647594",
          "traffic": {
            "protocol": "http",
            "rates": {
              "http": "80.00",
              "http3xx": "20.00",
              "http4xx": "20.00",
              "http5xx": "20.00",
              "httpPercentErr": "50.0",
              "httpPercentReq": "50.0"
            },
            "responses": {
              "200": {
                "-": "25.0"
              },
              "300": {
                "-": "25.0"
              },
              "400": {
                "-": "25.0"
              },
              "500": {
                "-": "25.0"
              }
            }
          }
        }
      },
      {
        "data": {
          "id": "fafebffe3d83500a33fcdc0e268fabe4",
          "source": "42c017b34656a709d614f53967b05cc8",
          "target": "42c017b34656a709d614f53967b05cc8",
          "traffic": {
            "protocol": "http",
            "rates": {
              "http": "20.00",
              "httpPercentReq": "12.5"
            },
            "responses": {
              "200": {
                "-": "100.0"
              }
            }
          }
        }
      },
      {
        "data": {
          "id": "e4b85b504c8777f3882217b3791d4c60",
          "source": "42c017b34656a709d614f53967b05cc8",
          "target": "8a4a4ea447daf00b8a30169659086b5f",
          "traffic": {
            "protocol": "tcp",
            "rates": {
              "tcp": "31.00"
            },
            "responses": {
              "-": {
                "-": "100.0"
              }
            }
          }
        }
      },
      {
        "data": {
          "id": "1cf252f0a8d0ab09f9f5408ae22792f2",
          "source": "42c017b34656a709d614f53967b05cc8",
          "target": "e8a4c5a8a5a937ec63d1da940d4b68a1",
          "traffic": {
            "protocol": "http",
            "rates": {
              "http": "60.00",
              "httpPercentReq": "37.5"
            },
            "responses": {
              "200": {
                "-": "100.0"
              }
            }
          }
        }
      },
      {
        "data": {
          "id": "1f3288555e23c16338013c2413d5987b",
          "source": "b30b0078325bf2e1adb4d57c4c0c2665",
          "target": "42c017b34656a709d614f53967b05cc8",
          "traffic": {
            "protocol": "http",
            "rates": {
              "http": "50.00",
              "httpPercentReq": "50.0"
            },
            "responses": {
              "200": {
                "-": "100.0"
              }
            }
          }
        }
      },
      {
        "data": {
          "id": "8c1b4e5d28259bbb16fac3edeb229115",
          "source": "b30b0078325bf2e1adb4d57c4c0c2665",
          "target": "8a4a4ea447daf00b8a30169659086b5f",
          "traffic": {
            "protocol": "tcp",
            "rates": {
              "tcp": "400.00"
            },
            "responses": {
              "-": {
                "-": "100.0"
              }
            }
          }
        }
      },
      {
        "data": {
          "id": "eed4f01258af80c8c8e2f07c548550f8",
          "source": "c72e12859eac1424516065e6a64c92e0",
          "target": "42c017b34656a709d614f53967b05cc8",
          "traffic": {
            "protocol": "http",
            "rates": {
              "http": "100.00",
              "httpPercentReq": "100.0"
            },
            "responses": {
              "200": {
                "-": "100.0"
              }
            }
          }
        }
      },
      {
        "data": {
          "id": "dee0c874bb93f64c52f13ee82c5eee11",
          "source": "c72e12859eac1424516065e6a64c92e0",
          "target": "8a4a4ea447daf00b8a30169659086b5f",
          "traffic": {
            "protocol": "tcp",
            "rates": {
              "tcp": "150.00"
            },
            "responses": {
              "-": {
                "-": "100.0"
              }
            }
          }
        }
      },
      {
        "data": {
          "id": "79f41d0b23f15260f278310b2f3c44df",
          "source": "e8a4c5a8a5a937ec63d1da940d4b68a1",
          "target": "4a639f9922515051205421a93f94e0b8",
          "traffic": {
            "protocol": "http",
            "rates": {
              "http": "4.00",
              "http4xx": "4.00",
              "httpPercentErr": "100.0",
              "httpPercentReq": "5.4"
            },
            "responses": {
              "404": {
                "NR": "100.0"
              }
            }
          }
        }
      },
      {
        "data": {
          "id": "c8ee3a318ac7b96bd1800e9d500e3db5",
          "source": "e8a4c5a8a5a937ec63d1da940d4b68a1",
          "target": "715046fe06feb0ca6986fde2c2d18e22",
          "traffic": {
            "protocol": "http",
            "rates": {
              "http": "20.00",
              "httpPercentReq": "27.0"
            },
            "responses": {
              "200": {
                "-": "100.0"
              }
            }
          }
        }
      },
      {
        "data": {
          "id": "1bec06d1f0bf0a55ec9501008f3d14d4",
          "source": "e8a4c5a8a5a937ec63d1da940d4b68a1",
          "target": "e8a4c5a8a5a937ec63d1da940d4b68a1",
          "traffic": {
            "protocol": "http",
            "rates": {
              "http": "40.00",
              "httpPercentReq": "80.0"
            },
            "responses": {
              "200": {
                "-": "100.0"
              }
            }
          }
        }
      },
      {
        "data": {
          "id": "c8c0d78efa927aaff53a1a275cdc5e5e",
          "source": "e8a4c5a8a5a937ec63d1da940d4b68a1",
          "target": "e96a4db610f877425f52a4b563e24c4c",
          "traffic": {
            "protocol": "http",
            "rates": {
              "http": "60.00",
              "http5xx": "20.00",
              "httpPercentErr": "33.3",
              "httpPercentReq": "120.0"
            },
            "responses": {
              "200": {
                "-": "66.7"
              },
              "500": {
                "-": "33.3"
              }
            }
          }
        }
      }
    ]
  }
}
