{
  "timestamp": 1523364075,
  "duration": 600,
  "graphType": "versionedApp",
  "elements": {
    "nodes": [
      {
        "data": {
          "id": "a1ffc0d6abdf480e17b214b85257e633",
          "nodeType": "app",
          "namespace": "bookinfo",
          "workload": "productpage-v1",
          "app": "productpage",
          "version": "v1",
          "destServices": [
            {
              "namespace": "bookinfo",
              "name": "productpage"
            }
          ],
          "traffic": [
            {
              "protocol": "http",
              "rates": {
                "httpIn": "50.00"
              }
            }
          ]
        }
      },
      {
        "data": {
          "id": "d75c918a12f72a1ea1797911cb9770f7",
          "nodeType": "app",
          "namespace": "tutorial",
          "workload": "customer-v1",
          "app": "customer",
          "version": "v1",
          "destServices": [
            {
              "namespace": "tutorial",
              "name": "customer"
            }
          ],
          "traffic": [
            {
              "protocol": "grpc",
              "rates": {
                "grpcIn": "50.00"
              }
            },
            {
              "protocol": "http",
              "rates": {
                "httpOut": "50.00"
              }
            }
          ]
        }
      },
      {
        "data": {
          "id": "b30b0078325bf2e1adb4d57c4c0c2665",
          "nodeType": "unknown",
          "namespace": "unknown",
          "workload": "unknown",
          "app": "unknown",
          "version": "unknown",
          "traffic": [
            {
              "protocol": "grpc",
              "rates": {
                "grpcOut": "50.00"
              }
            },
            {
              "protocol": "http",
              "rates": {
                "httpOut": "50.00"
              }
            }
          ],
          "isInaccessible": true,
          "isRoot": true
        }
      }
    ],
    "edges": [
      {
        "data": {
          "id": "e0040271cbc5fd1bcf9e605d7a2c367d",
          "source": "b30b0078325bf2e1adb4d57c4c0c2665",
          "target": "a1ffc0d6abdf480e17b214b85257e633",
          "traffic": {
            "protocol": "http",
            "rates": {
              "http": "50.00",
              "httpPercentReq": "100.0"
            },
            "responses": {
              "200": {
                "-": "100.0"
              }
            }
          }
        }
      },
      {
        "data": {
          "id": "1f024523da856e5b5a549d4a64b26cd3",
          "source": "b30b0078325bf2e1adb4d57c4c0c2665",
          "target": "d75c918a12f72a1ea1797911cb9770f7",
          "traffic": {
            "protocol": "grpc",
            "rates": {
              "grpc": "50.00",
              "grpcPercentReq": "100.0"
            },
            "responses": {
              "200": {
                "-": "100.0"
              }
            }
          }
        }
      },
      {
        "data": {
          "id": "de3e83491767bce819c83b9f9a75b497",
          "source": "d75c918a12f72a1ea1797911cb9770f7",
          "target": "a1ffc0d6abdf480e17b214b85257e633",
          "traffic": {
            "protocol": "http",
            "rates": {
              "http": "50.00",
              "httpPercentReq": "100.0"
            },
            "responses": {
              "200": {
                "-": "100.0"
              }
            }
          }
        }
      }
    ]
  }
}
